testFiles/translation/input/array.tc:
DATA(_T3foo3bar, 4,
  INT(31),
  INT(41),
  INT(59),
)
