testFiles/translation/input/enum.tc:
DATA(_T3foo3baz, 1,
  BYTE(1),
)
