testFiles/translation/input/nullPointer.tc:
BSS(_T3foo3bar, 8)
