testFiles/parser/additionExprs.tc (code):
FILE(1, 1, STAB(ENTRY(bar, FUNCTION(testFiles/parser/additionExprs.tc, 3, 1, void(int, int)))), MODULE(1, 1, ID(1, 8, foo, REFERENCES())), FUNDEFN(3, 1, KEYWORDTYPE(3, 1, void), ID(3, 6, bar, REFERENCES(testFiles/parser/additionExprs.tc, 3, 1)), KEYWORDTYPE(3, 10, int), KEYWORDTYPE(3, 17, int), ID(3, 14, i, REFERENCES()), ID(3, 21, j, REFERENCES()), STAB(ENTRY(i, VARIABLE(testFiles/parser/additionExprs.tc, 3, 10, int)), ENTRY(j, VARIABLE(testFiles/parser/additionExprs.tc, 3, 17, int))), COMPOUNDSTMT(3, 24, STAB(), EXPRESSIONSTMT(4, 3, BINOPEXP(4, 3, SUB, BINOPEXP(4, 3, ADD, ID(4, 3, i, REFERENCES(testFiles/parser/additionExprs.tc, 3, 10)), ID(4, 7, j, REFERENCES(testFiles/parser/additionExprs.tc, 3, 17))), ID(4, 11, i, REFERENCES(testFiles/parser/additionExprs.tc, 3, 10)))))))
