testFiles/parser/input/comparisonExprs.tc (code):
FILE(1, 1, STAB(ENTRY(bar, FUNCTION(testFiles/parser/input/comparisonExprs.tc, 3, 1, void(int, int)))), MODULE(1, 1, ID(1, 8, foo, REFERENCES())), FUNDEFN(3, 1, KEYWORDTYPE(3, 1, void), ID(3, 6, bar, REFERENCES(testFiles/parser/input/comparisonExprs.tc, 3, 1)), KEYWORDTYPE(3, 10, int), KEYWORDTYPE(3, 17, int), ID(3, 14, i, REFERENCES()), ID(3, 21, j, REFERENCES()), STAB(ENTRY(i, VARIABLE(testFiles/parser/input/comparisonExprs.tc, 3, 10, int)), ENTRY(j, VARIABLE(testFiles/parser/input/comparisonExprs.tc, 3, 17, int))), COMPOUNDSTMT(3, 24, STAB(), EXPRESSIONSTMT(4, 3, BINOPEXP(4, 3, LT, ID(4, 3, i, REFERENCES(testFiles/parser/input/comparisonExprs.tc, 3, 10)), ID(4, 7, j, REFERENCES(testFiles/parser/input/comparisonExprs.tc, 3, 17)))), EXPRESSIONSTMT(5, 3, BINOPEXP(5, 3, GT, ID(5, 3, i, REFERENCES(testFiles/parser/input/comparisonExprs.tc, 3, 10)), ID(5, 7, j, REFERENCES(testFiles/parser/input/comparisonExprs.tc, 3, 17)))), EXPRESSIONSTMT(6, 3, BINOPEXP(6, 3, LTEQ, ID(6, 3, i, REFERENCES(testFiles/parser/input/comparisonExprs.tc, 3, 10)), ID(6, 8, j, REFERENCES(testFiles/parser/input/comparisonExprs.tc, 3, 17)))), EXPRESSIONSTMT(7, 3, BINOPEXP(7, 3, GTEQ, ID(7, 3, i, REFERENCES(testFiles/parser/input/comparisonExprs.tc, 3, 10)), ID(7, 8, j, REFERENCES(testFiles/parser/input/comparisonExprs.tc, 3, 17)))), EXPRESSIONSTMT(8, 3, BINOPEXP(8, 3, GTEQ, BINOPEXP(8, 3, LTEQ, BINOPEXP(8, 3, GT, BINOPEXP(8, 3, LT, ID(8, 3, i, REFERENCES(testFiles/parser/input/comparisonExprs.tc, 3, 10)), ID(8, 7, j, REFERENCES(testFiles/parser/input/comparisonExprs.tc, 3, 17))), ID(8, 11, i, REFERENCES(testFiles/parser/input/comparisonExprs.tc, 3, 10))), ID(8, 16, j, REFERENCES(testFiles/parser/input/comparisonExprs.tc, 3, 17))), ID(8, 21, i, REFERENCES(testFiles/parser/input/comparisonExprs.tc, 3, 10)))))))
