testFiles/parser/input/enumDeclStmtManyConstants.tc (code):
FILE(1, 1, STAB(ENTRY(bar, FUNCTION(testFiles/parser/input/enumDeclStmtManyConstants.tc, 3, 1, void()))), MODULE(1, 1, ID(1, 8, foo, REFERENCES())), FUNDEFN(3, 1, KEYWORDTYPE(3, 1, void), ID(3, 6, bar, REFERENCES(testFiles/parser/input/enumDeclStmtManyConstants.tc, 3, 1)), STAB(), COMPOUNDSTMT(3, 12, STAB(ENTRY(e, ENUM(testFiles/parser/input/enumDeclStmtManyConstants.tc, 4, 3, CONSTANT(A, 0), CONSTANT(B, 1), CONSTANT(C, 2)))), ENUMDECL(4, 3, ID(4, 8, e, REFERENCES(testFiles/parser/input/enumDeclStmtManyConstants.tc, 4, 3)), ID(5, 5, A, REFERENCES(testFiles/parser/input/enumDeclStmtManyConstants.tc, 5, 5)), ID(6, 5, B, REFERENCES(testFiles/parser/input/enumDeclStmtManyConstants.tc, 6, 5)), ID(7, 5, C, REFERENCES(testFiles/parser/input/enumDeclStmtManyConstants.tc, 7, 5)), (null), (null), (null)))))
