testFiles/parser/forNoInitNoIncrement.tc (code):
FILE(1, 1, STAB(ENTRY(bar, FUNCTION(testFiles/parser/forNoInitNoIncrement.tc, 3, 1, void(int)))), MODULE(1, 1, ID(1, 8, foo, REFERENCES())), FUNDEFN(3, 1, KEYWORDTYPE(3, 1, void), ID(3, 6, bar, REFERENCES(testFiles/parser/forNoInitNoIncrement.tc, 3, 1)), KEYWORDTYPE(3, 10, int), ID(3, 14, i, REFERENCES()), STAB(ENTRY(i, VARIABLE(testFiles/parser/forNoInitNoIncrement.tc, 3, 10, int))), COMPOUNDSTMT(3, 17, STAB(), FORSTMT(4, 3, STAB(), NULLSTMT(4, 8), BINOPEXP(4, 10, GT, ID(4, 10, i, REFERENCES(testFiles/parser/forNoInitNoIncrement.tc, 3, 10)), LITERAL(4, 14, UBYTE(0))), (null), EXPRESSIONSTMT(4, 19, UNOPEXP(4, 19, PREDEC, ID(4, 21, i, REFERENCES(testFiles/parser/forNoInitNoIncrement.tc, 3, 10)))), STAB()))))
