testFiles/parser/funDefnNoBodyManyArgs.tc (code):
FILE(1, 1, STAB(ENTRY(bar, FUNCTION(testFiles/parser/funDefnNoBodyManyArgs.tc, 3, 1, int(int, void *, int)))), MODULE(1, 1, ID(1, 8, foo, REFERENCES())), FUNDEFN(3, 1, KEYWORDTYPE(3, 1, int), ID(3, 5, bar, REFERENCES(testFiles/parser/funDefnNoBodyManyArgs.tc, 3, 1)), KEYWORDTYPE(3, 9, int), MODIFIEDTYPE(3, 19, POINTER, KEYWORDTYPE(3, 19, void)), KEYWORDTYPE(3, 32, int), ID(3, 13, arg1, REFERENCES()), ID(3, 26, arg2, REFERENCES()), ID(3, 36, arg3, REFERENCES()), STAB(ENTRY(arg1, VARIABLE(testFiles/parser/funDefnNoBodyManyArgs.tc, 3, 9, int)), ENTRY(arg3, VARIABLE(testFiles/parser/funDefnNoBodyManyArgs.tc, 3, 32, int)), ENTRY(arg2, VARIABLE(testFiles/parser/funDefnNoBodyManyArgs.tc, 3, 19, void *))), COMPOUNDSTMT(3, 42, STAB())))
