testFiles/parser/moduleWithId.tc (code):
FILE(1, 1, STAB(), MODULE(1, 1, ID(1, 8, foo, REFERENCES())))
