testFiles/parser/opaqueDeclStmtNoDefn.tc (code):
FILE(1, 1, STAB(ENTRY(bar, FUNCTION(testFiles/parser/opaqueDeclStmtNoDefn.tc, 3, 1, void()))), MODULE(1, 1, ID(1, 8, foo, REFERENCES())), FUNDEFN(3, 1, KEYWORDTYPE(3, 1, void), ID(3, 6, bar, REFERENCES(testFiles/parser/opaqueDeclStmtNoDefn.tc, 3, 1)), STAB(), COMPOUNDSTMT(3, 12, STAB(ENTRY(o, OPAQUE(testFiles/parser/opaqueDeclStmtNoDefn.tc, 4, 3, REFERENCES())), ENTRY(ptr, VARIABLE(testFiles/parser/opaqueDeclStmtNoDefn.tc, 5, 6, o *))), OPAQUEDECL(4, 3, ID(4, 10, o, REFERENCES(testFiles/parser/opaqueDeclStmtNoDefn.tc, 4, 3))), VARDEFNSTMT(5, 3, MODIFIEDTYPE(5, 3, POINTER, ID(5, 3, o, REFERENCES(testFiles/parser/opaqueDeclStmtNoDefn.tc, 4, 3))), ID(5, 6, ptr, REFERENCES(testFiles/parser/opaqueDeclStmtNoDefn.tc, 5, 6)), LITERAL(5, 12, NULL())))))
