testFiles/parser/shiftExprs.tc (code):
FILE(1, 1, STAB(ENTRY(bar, FUNCTION(testFiles/parser/shiftExprs.tc, 3, 1, void(int, int)))), MODULE(1, 1, ID(1, 8, foo, REFERENCES())), FUNDEFN(3, 1, KEYWORDTYPE(3, 1, void), ID(3, 6, bar, REFERENCES(testFiles/parser/shiftExprs.tc, 3, 1)), KEYWORDTYPE(3, 10, int), KEYWORDTYPE(3, 17, int), ID(3, 14, i, REFERENCES()), ID(3, 21, j, REFERENCES()), STAB(ENTRY(i, VARIABLE(testFiles/parser/shiftExprs.tc, 3, 10, int)), ENTRY(j, VARIABLE(testFiles/parser/shiftExprs.tc, 3, 17, int))), COMPOUNDSTMT(3, 24, STAB(), EXPRESSIONSTMT(4, 3, BINOPEXP(4, 3, LRSHIFT, BINOPEXP(4, 3, ARSHIFT, BINOPEXP(4, 3, LSHIFT, ID(4, 3, i, REFERENCES(testFiles/parser/shiftExprs.tc, 3, 10)), ID(4, 8, j, REFERENCES(testFiles/parser/shiftExprs.tc, 3, 17))), ID(4, 13, i, REFERENCES(testFiles/parser/shiftExprs.tc, 3, 10))), ID(4, 19, j, REFERENCES(testFiles/parser/shiftExprs.tc, 3, 17)))))))
