testFiles/parser/switchDefault.tc (code):
FILE(1, 1, STAB(ENTRY(bar, FUNCTION(testFiles/parser/switchDefault.tc, 3, 1, int(int)))), MODULE(1, 1, ID(1, 8, foo, REFERENCES())), FUNDEFN(3, 1, KEYWORDTYPE(3, 1, int), ID(3, 5, bar, REFERENCES(testFiles/parser/switchDefault.tc, 3, 1)), KEYWORDTYPE(3, 9, int), ID(3, 13, i, REFERENCES()), STAB(ENTRY(i, VARIABLE(testFiles/parser/switchDefault.tc, 3, 9, int))), COMPOUNDSTMT(3, 16, STAB(), SWITCHSTMT(4, 3, ID(4, 11, i, REFERENCES(testFiles/parser/switchDefault.tc, 3, 9)), SWITCHDEFAULT(5, 5, RETURNSTMT(5, 14, LITERAL(5, 21, UBYTE(1))), STAB())))))
