testFiles/parser/unionDeclStmtOneOption.tc (code):
FILE(1, 1, STAB(ENTRY(bar, FUNCTION(testFiles/parser/unionDeclStmtOneOption.tc, 3, 1, void()))), MODULE(1, 1, ID(1, 8, foo, REFERENCES())), FUNDEFN(3, 1, KEYWORDTYPE(3, 1, void), ID(3, 6, bar, REFERENCES(testFiles/parser/unionDeclStmtOneOption.tc, 3, 1)), STAB(), COMPOUNDSTMT(3, 12, STAB(ENTRY(u, UNION(testFiles/parser/unionDeclStmtOneOption.tc, 4, 3, OPTION(int, i)))), UNIONDECL(4, 3, ID(4, 9, u, REFERENCES(testFiles/parser/unionDeclStmtOneOption.tc, 4, 3)), VARDECL(5, 5, KEYWORDTYPE(5, 5, int), ID(5, 9, i, REFERENCES()))))))
