testFiles/parser/varDefnStmtExprInit.tc (code):
FILE(1, 1, STAB(ENTRY(bar, FUNCTION(testFiles/parser/varDefnStmtExprInit.tc, 3, 1, void(int)))), MODULE(1, 1, ID(1, 8, foo, REFERENCES())), FUNDEFN(3, 1, KEYWORDTYPE(3, 1, void), ID(3, 6, bar, REFERENCES(testFiles/parser/varDefnStmtExprInit.tc, 3, 1)), KEYWORDTYPE(3, 10, int), ID(3, 14, arg, REFERENCES()), STAB(ENTRY(arg, VARIABLE(testFiles/parser/varDefnStmtExprInit.tc, 3, 10, int))), COMPOUNDSTMT(3, 19, STAB(ENTRY(i, VARIABLE(testFiles/parser/varDefnStmtExprInit.tc, 4, 7, int))), VARDEFNSTMT(4, 3, KEYWORDTYPE(4, 3, int), ID(4, 7, i, REFERENCES(testFiles/parser/varDefnStmtExprInit.tc, 4, 7)), BINOPEXP(4, 11, MUL, ID(4, 11, arg, REFERENCES(testFiles/parser/varDefnStmtExprInit.tc, 3, 10)), LITERAL(4, 17, UBYTE(2)))))))
