testFiles/parser/varDefnStmtManyVars.tc (code):
FILE(1, 1, STAB(ENTRY(bar, FUNCTION(testFiles/parser/varDefnStmtManyVars.tc, 3, 1, void()))), MODULE(1, 1, ID(1, 8, foo, REFERENCES())), FUNDEFN(3, 1, KEYWORDTYPE(3, 1, void), ID(3, 6, bar, REFERENCES(testFiles/parser/varDefnStmtManyVars.tc, 3, 1)), STAB(), COMPOUNDSTMT(3, 12, STAB(ENTRY(i, VARIABLE(testFiles/parser/varDefnStmtManyVars.tc, 4, 7, int)), ENTRY(k, VARIABLE(testFiles/parser/varDefnStmtManyVars.tc, 4, 13, int)), ENTRY(j, VARIABLE(testFiles/parser/varDefnStmtManyVars.tc, 4, 10, int))), VARDEFNSTMT(4, 3, KEYWORDTYPE(4, 3, int), ID(4, 7, i, REFERENCES(testFiles/parser/varDefnStmtManyVars.tc, 4, 7)), ID(4, 10, j, REFERENCES(testFiles/parser/varDefnStmtManyVars.tc, 4, 10)), ID(4, 13, k, REFERENCES(testFiles/parser/varDefnStmtManyVars.tc, 4, 13)), (null), (null)))))
