testFiles/translation/x86_64-linux/input/doWhileStmt.tc:
TEXT(_T3foo3bar,
  BLOCK(5,
    MOVE(TEMP(temp6, 8, 8, GP), REG(rdi, 8)),
    JUMP(LABEL(.L3)),
  ),
  BLOCK(3,
    JUMP(LABEL(.L8)),
  ),
  BLOCK(8,
    UNSIGNED2FLOATING(TEMP(temp9, 4, 4, FP), CONSTANT(1, BYTE(1))),
    MOVE(TEMP(temp10, 4, 4, FP), TEMP(temp9, 4, 4, FP)),
    JUMP(LABEL(.L7)),
  ),
  BLOCK(13,
    JUMP(LABEL(.L14)),
  ),
  BLOCK(14,
    MOVE(TEMP(temp15, 4, 4, FP), TEMP(temp10, 4, 4, FP)),
    UNSIGNED2FLOATING(TEMP(temp16, 4, 4, FP), CONSTANT(1, BYTE(2))),
    FMUL(TEMP(temp17, 4, 4, FP), TEMP(temp15, 4, 4, FP), TEMP(temp16, 4, 4, FP)),
    MOVE(TEMP(temp10, 4, 4, FP), TEMP(temp17, 4, 4, FP)),
    JUMP(LABEL(.L12)),
  ),
  BLOCK(19,
    MOVE(TEMP(temp20, 8, 8, GP), TEMP(temp6, 8, 8, GP)),
    SUB(TEMP(temp21, 8, 8, GP), TEMP(temp20, 8, 8, GP), CONSTANT(8, LONG(1))),
    MOVE(TEMP(temp6, 8, 8, GP), TEMP(temp21, 8, 8, GP)),
    JUMP(LABEL(.L18)),
  ),
  BLOCK(18,
    JUMP(LABEL(.L22)),
  ),
  BLOCK(22,
    ZX(TEMP(temp23, 8, 8, GP), CONSTANT(1, BYTE(0))),
    JA(LABEL(.L7), LABEL(.L11), TEMP(temp21, 8, 8, GP), TEMP(temp23, 8, 8, GP)),
  ),
  BLOCK(11,
    MOVE(TEMP(temp25, 4, 4, FP), TEMP(temp10, 4, 4, FP)),
    JUMP(LABEL(.L24)),
  ),
  BLOCK(24,
    MOVE(TEMP(temp2, 4, 4, FP), TEMP(temp25, 4, 4, FP)),
    JUMP(LABEL(.L4)),
  ),
  BLOCK(4,
    MOVE(REG(xmm0, 4), TEMP(temp2, 4, 4, FP)),
    RETURN(),
  ),
)
