testFiles/translation/x86_64-linux/input/parameterPassingStructInRegisters.tc:
TEXT(_T3foo3bar,
  BLOCK(5,
    OFFSET_LOAD(TEMP(temp6, 4, 12, MEM), REG(rdi), OFFSET(0)),
    OFFSET_LOAD(TEMP(temp6, 4, 12, MEM), REG(xmm0), OFFSET(8)),
    JUMP(LABEL(.L3)),
  ),
  BLOCK(3,
    JUMP(LABEL(.L4)),
  ),
  BLOCK(4,
    RETURN(),
  ),
)
