testFiles/translation/x86_64-linux/input/parameterPassingBothOverflow.tc:
TEXT(_T3foo3bar,
  BLOCK(3,
    MOVE(1, REG(rdi), TEMP(temp4, 1, 1, GP)),
    MOVE(2, REG(rsi), TEMP(temp5, 2, 2, GP)),
    MOVE(4, REG(rdx), TEMP(temp6, 4, 4, GP)),
    MOVE(8, REG(rcx), TEMP(temp7, 8, 8, GP)),
    MOVE(1, REG(r8), TEMP(temp8, 1, 1, GP)),
    MOVE(1, REG(r9), TEMP(temp9, 1, 1, GP)),
    STK_LOAD(2, TEMP(temp10, 2, 2, GP), OFFSET(8)),
    MOVE(4, REG(xmm0), TEMP(temp11, 4, 4, FP)),
    MOVE(8, REG(xmm1), TEMP(temp12, 8, 8, FP)),
    MOVE(4, REG(xmm2), TEMP(temp13, 4, 4, FP)),
    MOVE(4, REG(xmm3), TEMP(temp14, 4, 4, FP)),
    MOVE(8, REG(xmm4), TEMP(temp15, 8, 8, FP)),
    MOVE(4, REG(xmm5), TEMP(temp16, 4, 4, FP)),
    MOVE(8, REG(xmm6), TEMP(temp17, 8, 8, FP)),
    MOVE(8, REG(xmm7), TEMP(temp18, 8, 8, FP)),
    STK_LOAD(4, TEMP(temp19, 4, 4, FP), OFFSET(16)),
    JUMP(0, LABEL(.L20)),
  ),
  BLOCK(20,
    RETURN(0),
  ),
)
