testFiles/translation/x86_64-linux/input/parameterPassingIntOverflow.tc:
TEXT(_T3foo3bar,
  BLOCK(5,
    MOVE(TEMP(temp6, 1, 1, GP), REG(rdi)),
    MOVE(TEMP(temp7, 2, 2, GP), REG(rsi)),
    MOVE(TEMP(temp8, 4, 4, GP), REG(rdx)),
    MOVE(TEMP(temp9, 8, 8, GP), REG(rcx)),
    MOVE(TEMP(temp10, 1, 1, GP), REG(r8)),
    MOVE(TEMP(temp11, 1, 1, GP), REG(r9)),
    STK_LOAD(TEMP(temp12, 2, 2, GP), OFFSET(8)),
    JUMP(LABEL(.L3)),
  ),
  BLOCK(3,
    JUMP(LABEL(.L4)),
  ),
  BLOCK(4,
    RETURN(),
  ),
)
