testFiles/translation/x86_64-linux/input/switchStmt.tc:
TEXT(_T3foo3bar,
  BLOCK(5,
    MOVE(TEMP(temp6, 1, 1, GP), REG(rdi, 1)),
    JUMP(LABEL(.L3)),
  ),
  BLOCK(3,
    MOVE(TEMP(temp8, 1, 1, GP), TEMP(temp6, 1, 1, GP)),
    JUMP(LABEL(.L7)),
  ),
  BLOCK(9,
    JUMP(LABEL(.L13)),
  ),
  BLOCK(13,
    MOVE(TEMP(temp2, 1, 1, GP), CONSTANT(1, BYTE(31))),
    JUMP(LABEL(.L4)),
  ),
  BLOCK(10,
    JUMP(LABEL(.L14)),
  ),
  BLOCK(14,
    MOVE(TEMP(temp2, 1, 1, GP), CONSTANT(1, BYTE(30))),
    JUMP(LABEL(.L4)),
  ),
  BLOCK(11,
    JUMP(LABEL(.L15)),
  ),
  BLOCK(15,
    MOVE(TEMP(temp2, 1, 1, GP), CONSTANT(1, BYTE(28))),
    JUMP(LABEL(.L4)),
  ),
  BLOCK(12,
    JUMP(LABEL(.L16)),
  ),
  BLOCK(16,
    MOVE(TEMP(temp2, 1, 1, GP), CONSTANT(1, BYTE(0))),
    JUMP(LABEL(.L4)),
  ),
  BLOCK(7,
    JB(LABEL(.L3), LABEL(.L18), TEMP(temp8, 1, 1, GP), CONSTANT(1, BYTE(1))),
  ),
  BLOCK(18,
    JA(LABEL(.L3), LABEL(.L19), TEMP(temp8, 1, 1, GP), CONSTANT(1, BYTE(12))),
  ),
  BLOCK(19,
    SUB(TEMP(temp20, 1, 1, GP), TEMP(temp8, 1, 1, GP), CONSTANT(1, BYTE(1))),
    ZX(TEMP(temp23, 8, 8, GP), TEMP(temp20, 1, 1, GP)),
    UMUL(TEMP(temp21, 8, 8, GP), TEMP(temp23, 8, 8, GP), CONSTANT(8, LONG(8))),
    ADD(TEMP(temp22, 8, 8, GP), TEMP(temp21, 8, 8, GP), LABEL(.L17)),
    JUMP(TEMP(temp22, 8, 8, GP)),
  ),
  BLOCK(4,
    MOVE(REG(rax, 1), TEMP(temp2, 1, 1, GP)),
    RETURN(),
  ),
)
RODATA(.L17, 8,
  LABEL(.L9),
  LABEL(.L11),
  LABEL(.L9),
  LABEL(.L10),
  LABEL(.L9),
  LABEL(.L10),
  LABEL(.L9),
  LABEL(.L9),
  LABEL(.L10),
  LABEL(.L9),
  LABEL(.L10),
  LABEL(.L9),
)
